Archive member included to satisfy reference by file (symbol)

c:/progra~2/gnuarm~1/102021~1.10/bin/../lib/gcc/arm-none-eabi/10.3.1/../../../../arm-none-eabi/lib/thumb/v7e-m+fp/hard\libc_nano.a(lib_a-exit.o)
                              c:/progra~2/gnuarm~1/102021~1.10/bin/../lib/gcc/arm-none-eabi/10.3.1/../../../../arm-none-eabi/lib/thumb/v7e-m+fp/hard/crt0.o (exit)
c:/progra~2/gnuarm~1/102021~1.10/bin/../lib/gcc/arm-none-eabi/10.3.1/../../../../arm-none-eabi/lib/thumb/v7e-m+fp/hard\libc_nano.a(lib_a-impure.o)
                              c:/progra~2/gnuarm~1/102021~1.10/bin/../lib/gcc/arm-none-eabi/10.3.1/../../../../arm-none-eabi/lib/thumb/v7e-m+fp/hard\libc_nano.a(lib_a-exit.o) (_global_impure_ptr)
c:/progra~2/gnuarm~1/102021~1.10/bin/../lib/gcc/arm-none-eabi/10.3.1/../../../../arm-none-eabi/lib/thumb/v7e-m+fp/hard\libc_nano.a(lib_a-init.o)
                              c:/progra~2/gnuarm~1/102021~1.10/bin/../lib/gcc/arm-none-eabi/10.3.1/../../../../arm-none-eabi/lib/thumb/v7e-m+fp/hard/crt0.o (__libc_init_array)
c:/progra~2/gnuarm~1/102021~1.10/bin/../lib/gcc/arm-none-eabi/10.3.1/../../../../arm-none-eabi/lib/thumb/v7e-m+fp/hard\libc_nano.a(lib_a-memset.o)
                              c:/progra~2/gnuarm~1/102021~1.10/bin/../lib/gcc/arm-none-eabi/10.3.1/../../../../arm-none-eabi/lib/thumb/v7e-m+fp/hard/crt0.o (memset)
c:/progra~2/gnuarm~1/102021~1.10/bin/../lib/gcc/arm-none-eabi/10.3.1/thumb/v7e-m+fp/hard\libgcc.a(_aeabi_uldivmod.o)
                              CMakeFiles/cepptestprogrammer.dir/Drivers/STM32F7xx_HAL_Driver/Src/stm32f7xx_hal_rcc.c.obj (__aeabi_uldivmod)
c:/progra~2/gnuarm~1/102021~1.10/bin/../lib/gcc/arm-none-eabi/10.3.1/thumb/v7e-m+fp/hard\libgcc.a(_udivmoddi4.o)
                              c:/progra~2/gnuarm~1/102021~1.10/bin/../lib/gcc/arm-none-eabi/10.3.1/thumb/v7e-m+fp/hard\libgcc.a(_aeabi_uldivmod.o) (__udivmoddi4)
c:/progra~2/gnuarm~1/102021~1.10/bin/../lib/gcc/arm-none-eabi/10.3.1/thumb/v7e-m+fp/hard\libgcc.a(_dvmd_tls.o)
                              c:/progra~2/gnuarm~1/102021~1.10/bin/../lib/gcc/arm-none-eabi/10.3.1/thumb/v7e-m+fp/hard\libgcc.a(_aeabi_uldivmod.o) (__aeabi_ldiv0)
c:/progra~2/gnuarm~1/102021~1.10/bin/../lib/gcc/arm-none-eabi/10.3.1/../../../../arm-none-eabi/lib/thumb/v7e-m+fp/hard\libg_nano.a(lib_a-errno.o)
                              CMakeFiles/cepptestprogrammer.dir/Core/Src/syscalls.c.obj (__errno)

Discarded input sections

 .text          0x00000000        0x0 c:/progra~2/gnuarm~1/102021~1.10/bin/../lib/gcc/arm-none-eabi/10.3.1/thumb/v7e-m+fp/hard/crti.o
 .data          0x00000000        0x0 c:/progra~2/gnuarm~1/102021~1.10/bin/../lib/gcc/arm-none-eabi/10.3.1/thumb/v7e-m+fp/hard/crti.o
 .bss           0x00000000        0x0 c:/progra~2/gnuarm~1/102021~1.10/bin/../lib/gcc/arm-none-eabi/10.3.1/thumb/v7e-m+fp/hard/crti.o
 .data          0x00000000        0x4 c:/progra~2/gnuarm~1/102021~1.10/bin/../lib/gcc/arm-none-eabi/10.3.1/thumb/v7e-m+fp/hard/crtbegin.o
 .rodata        0x00000000       0x24 c:/progra~2/gnuarm~1/102021~1.10/bin/../lib/gcc/arm-none-eabi/10.3.1/thumb/v7e-m+fp/hard/crtbegin.o
 .text          0x00000000       0x7c c:/progra~2/gnuarm~1/102021~1.10/bin/../lib/gcc/arm-none-eabi/10.3.1/../../../../arm-none-eabi/lib/thumb/v7e-m+fp/hard/crt0.o
 .data          0x00000000        0x0 c:/progra~2/gnuarm~1/102021~1.10/bin/../lib/gcc/arm-none-eabi/10.3.1/../../../../arm-none-eabi/lib/thumb/v7e-m+fp/hard/crt0.o
 .bss           0x00000000        0x0 c:/progra~2/gnuarm~1/102021~1.10/bin/../lib/gcc/arm-none-eabi/10.3.1/../../../../arm-none-eabi/lib/thumb/v7e-m+fp/hard/crt0.o
 .ARM.extab     0x00000000        0x0 c:/progra~2/gnuarm~1/102021~1.10/bin/../lib/gcc/arm-none-eabi/10.3.1/../../../../arm-none-eabi/lib/thumb/v7e-m+fp/hard/crt0.o
 .ARM.exidx     0x00000000       0x10 c:/progra~2/gnuarm~1/102021~1.10/bin/../lib/gcc/arm-none-eabi/10.3.1/../../../../arm-none-eabi/lib/thumb/v7e-m+fp/hard/crt0.o
 .ARM.attributes
                0x00000000       0x1c c:/progra~2/gnuarm~1/102021~1.10/bin/../lib/gcc/arm-none-eabi/10.3.1/../../../../arm-none-eabi/lib/thumb/v7e-m+fp/hard/crt0.o
 .text          0x00000000        0x0 c:/progra~2/gnuarm~1/102021~1.10/bin/../lib/gcc/arm-none-eabi/10.3.1/../../../../arm-none-eabi/lib/thumb/v7e-m+fp/hard\libc_nano.a(lib_a-exit.o)
 .data          0x00000000        0x0 c:/progra~2/gnuarm~1/102021~1.10/bin/../lib/gcc/arm-none-eabi/10.3.1/../../../../arm-none-eabi/lib/thumb/v7e-m+fp/hard\libc_nano.a(lib_a-exit.o)
 .bss           0x00000000        0x0 c:/progra~2/gnuarm~1/102021~1.10/bin/../lib/gcc/arm-none-eabi/10.3.1/../../../../arm-none-eabi/lib/thumb/v7e-m+fp/hard\libc_nano.a(lib_a-exit.o)
 .text.exit     0x00000000       0x28 c:/progra~2/gnuarm~1/102021~1.10/bin/../lib/gcc/arm-none-eabi/10.3.1/../../../../arm-none-eabi/lib/thumb/v7e-m+fp/hard\libc_nano.a(lib_a-exit.o)
[...]
Memory Configuration

Name             Origin             Length             Attributes
RAM              0x20000000         0x00080000         xrw
FLASH            0x08000000         0x00200000         xr
*default*        0x00000000         0xffffffff

Linker script and memory map

LOAD c:/progra~2/gnuarm~1/102021~1.10/bin/../lib/gcc/arm-none-eabi/10.3.1/thumb/v7e-m+fp/hard/crti.o
LOAD c:/progra~2/gnuarm~1/102021~1.10/bin/../lib/gcc/arm-none-eabi/10.3.1/thumb/v7e-m+fp/hard/crtbegin.o
LOAD c:/progra~2/gnuarm~1/102021~1.10/bin/../lib/gcc/arm-none-eabi/10.3.1/../../../../arm-none-eabi/lib/thumb/v7e-m+fp/hard/crt0.o
START GROUP
LOAD c:/progra~2/gnuarm~1/102021~1.10/bin/../lib/gcc/arm-none-eabi/10.3.1/../../../../arm-none-eabi/lib/thumb/v7e-m+fp/hard\libc_nano.a
LOAD c:/progra~2/gnuarm~1/102021~1.10/bin/../lib/gcc/arm-none-eabi/10.3.1/../../../../arm-none-eabi/lib/thumb/v7e-m+fp/hard\libm.a
LOAD c:/progra~2/gnuarm~1/102021~1.10/bin/../lib/gcc/arm-none-eabi/10.3.1/../../../../arm-none-eabi/lib/thumb/v7e-m+fp/hard\libstdc++_nano.a
END GROUP
LOAD CMakeFiles/cepptestprogrammer.dir/Core/Src/main.c.obj
LOAD CMakeFiles/cepptestprogrammer.dir/Core/Src/stm32f7xx_hal_msp.c.obj
LOAD CMakeFiles/cepptestprogrammer.dir/Core/Src/stm32f7xx_it.c.obj
LOAD CMakeFiles/cepptestprogrammer.dir/Core/Src/syscalls.c.obj
LOAD CMakeFiles/cepptestprogrammer.dir/Core/Src/sysmem.c.obj
LOAD CMakeFiles/cepptestprogrammer.dir/Core/Src/system_stm32f7xx.c.obj
LOAD CMakeFiles/cepptestprogrammer.dir/Drivers/STM32F7xx_HAL_Driver/Src/stm32f7xx_hal.c.obj
LOAD CMakeFiles/cepptestprogrammer.dir/Drivers/STM32F7xx_HAL_Driver/Src/stm32f7xx_hal_cortex.c.obj
LOAD CMakeFiles/cepptestprogrammer.dir/Drivers/STM32F7xx_HAL_Driver/Src/stm32f7xx_hal_dma.c.obj
LOAD CMakeFiles/cepptestprogrammer.dir/Drivers/STM32F7xx_HAL_Driver/Src/stm32f7xx_hal_dma_ex.c.obj
LOAD CMakeFiles/cepptestprogrammer.dir/Drivers/STM32F7xx_HAL_Driver/Src/stm32f7xx_hal_eth.c.obj
LOAD CMakeFiles/cepptestprogrammer.dir/Drivers/STM32F7xx_HAL_Driver/Src/stm32f7xx_hal_exti.c.obj
LOAD CMakeFiles/cepptestprogrammer.dir/Drivers/STM32F7xx_HAL_Driver/Src/stm32f7xx_hal_flash.c.obj
LOAD CMakeFiles/cepptestprogrammer.dir/Drivers/STM32F7xx_HAL_Driver/Src/stm32f7xx_hal_flash_ex.c.obj
LOAD CMakeFiles/cepptestprogrammer.dir/Drivers/STM32F7xx_HAL_Driver/Src/stm32f7xx_hal_gpio.c.obj
LOAD CMakeFiles/cepptestprogrammer.dir/Drivers/STM32F7xx_HAL_Driver/Src/stm32f7xx_hal_i2c.c.obj
LOAD CMakeFiles/cepptestprogrammer.dir/Drivers/STM32F7xx_HAL_Driver/Src/stm32f7xx_hal_i2c_ex.c.obj
LOAD CMakeFiles/cepptestprogrammer.dir/Drivers/STM32F7xx_HAL_Driver/Src/stm32f7xx_hal_pcd.c.obj
LOAD CMakeFiles/cepptestprogrammer.dir/Drivers/STM32F7xx_HAL_Driver/Src/stm32f7xx_hal_pcd_ex.c.obj
LOAD CMakeFiles/cepptestprogrammer.dir/Drivers/STM32F7xx_HAL_Driver/Src/stm32f7xx_hal_pwr.c.obj
LOAD CMakeFiles/cepptestprogrammer.dir/Drivers/STM32F7xx_HAL_Driver/Src/stm32f7xx_hal_pwr_ex.c.obj
LOAD CMakeFiles/cepptestprogrammer.dir/Drivers/STM32F7xx_HAL_Driver/Src/stm32f7xx_hal_rcc.c.obj
LOAD CMakeFiles/cepptestprogrammer.dir/Drivers/STM32F7xx_HAL_Driver/Src/stm32f7xx_hal_rcc_ex.c.obj
LOAD CMakeFiles/cepptestprogrammer.dir/Drivers/STM32F7xx_HAL_Driver/Src/stm32f7xx_hal_tim.c.obj
LOAD CMakeFiles/cepptestprogrammer.dir/Drivers/STM32F7xx_HAL_Driver/Src/stm32f7xx_hal_tim_ex.c.obj
LOAD CMakeFiles/cepptestprogrammer.dir/Drivers/STM32F7xx_HAL_Driver/Src/stm32f7xx_hal_uart.c.obj
LOAD CMakeFiles/cepptestprogrammer.dir/Drivers/STM32F7xx_HAL_Driver/Src/stm32f7xx_hal_uart_ex.c.obj
LOAD CMakeFiles/cepptestprogrammer.dir/Drivers/STM32F7xx_HAL_Driver/Src/stm32f7xx_ll_usb.c.obj
LOAD CMakeFiles/cepptestprogrammer.dir/Core/Startup/startup_stm32f767zitx.s.obj
START GROUP
LOAD c:/progra~2/gnuarm~1/102021~1.10/bin/../lib/gcc/arm-none-eabi/10.3.1/thumb/v7e-m+fp/hard\libgcc.a
LOAD c:/progra~2/gnuarm~1/102021~1.10/bin/../lib/gcc/arm-none-eabi/10.3.1/../../../../arm-none-eabi/lib/thumb/v7e-m+fp/hard\libg_nano.a
LOAD c:/progra~2/gnuarm~1/102021~1.10/bin/../lib/gcc/arm-none-eabi/10.3.1/../../../../arm-none-eabi/lib/thumb/v7e-m+fp/hard\libc_nano.a
END GROUP
START GROUP
LOAD c:/progra~2/gnuarm~1/102021~1.10/bin/../lib/gcc/arm-none-eabi/10.3.1/thumb/v7e-m+fp/hard\libgcc.a
LOAD c:/progra~2/gnuarm~1/102021~1.10/bin/../lib/gcc/arm-none-eabi/10.3.1/../../../../arm-none-eabi/lib/thumb/v7e-m+fp/hard\libc_nano.a
LOAD c:/progra~2/gnuarm~1/102021~1.10/bin/../lib/gcc/arm-none-eabi/10.3.1/../../../../arm-none-eabi/lib/thumb/v7e-m+fp/hard\libnosys.a
END GROUP
START GROUP
LOAD c:/progra~2/gnuarm~1/102021~1.10/bin/../lib/gcc/arm-none-eabi/10.3.1/thumb/v7e-m+fp/hard\libgcc.a
LOAD c:/progra~2/gnuarm~1/102021~1.10/bin/../lib/gcc/arm-none-eabi/10.3.1/../../../../arm-none-eabi/lib/thumb/v7e-m+fp/hard\libc_nano.a
LOAD c:/progra~2/gnuarm~1/102021~1.10/bin/../lib/gcc/arm-none-eabi/10.3.1/../../../../arm-none-eabi/lib/thumb/v7e-m+fp/hard\libnosys.a
END GROUP
LOAD c:/progra~2/gnuarm~1/102021~1.10/bin/../lib/gcc/arm-none-eabi/10.3.1/thumb/v7e-m+fp/hard/crtend.o
LOAD c:/progra~2/gnuarm~1/102021~1.10/bin/../lib/gcc/arm-none-eabi/10.3.1/thumb/v7e-m+fp/hard/crtn.o
                0x20080000                _estack = (ORIGIN (RAM) + LENGTH (RAM))
                0x00000200                _Min_Heap_Size = 0x200
                0x00000400                _Min_Stack_Size = 0x400

.isr_vector     0x08000000      0x1f8
                0x08000000                . = ALIGN (0x4)
 *(.isr_vector)
 .isr_vector    0x08000000      0x1f8 CMakeFiles/cepptestprogrammer.dir/Core/Startup/startup_stm32f767zitx.s.obj
                0x08000000                g_pfnVectors
                0x080001f8                . = ALIGN (0x4)

.text           0x080001f8     0x2930
                0x080001f8                . = ALIGN (0x4)
 *(.text)
 .text          0x080001f8       0x40 c:/progra~2/gnuarm~1/102021~1.10/bin/../lib/gcc/arm-none-eabi/10.3.1/thumb/v7e-m+fp/hard/crtbegin.o
 .text          0x08000238       0x30 c:/progra~2/gnuarm~1/102021~1.10/bin/../lib/gcc/arm-none-eabi/10.3.1/thumb/v7e-m+fp/hard\libgcc.a(_aeabi_uldivmod.o)
                0x08000238                __aeabi_uldivmod
 .text          0x08000268      0x2d0 c:/progra~2/gnuarm~1/102021~1.10/bin/../lib/gcc/arm-none-eabi/10.3.1/thumb/v7e-m+fp/hard\libgcc.a(_udivmoddi4.o)
                0x08000268                __udivmoddi4
 .text          0x08000538        0x4 c:/progra~2/gnuarm~1/102021~1.10/bin/../lib/gcc/arm-none-eabi/10.3.1/thumb/v7e-m+fp/hard\libgcc.a(_dvmd_tls.o)
                0x08000538                __aeabi_idiv0
                0x08000538                __aeabi_ldiv0
 *(.text*)
 .text.__libc_init_array
                0x0800053c       0x48 c:/progra~2/gnuarm~1/102021~1.10/bin/../lib/gcc/arm-none-eabi/10.3.1/../../../../arm-none-eabi/lib/thumb/v7e-m+fp/hard\libc_nano.a(lib_a-init.o)
                0x0800053c                __libc_init_array
 .text.memset   0x08000584       0x10 c:/progra~2/gnuarm~1/102021~1.10/bin/../lib/gcc/arm-none-eabi/10.3.1/../../../../arm-none-eabi/lib/thumb/v7e-m+fp/hard\libc_nano.a(lib_a-memset.o)
                0x08000584                memset
 .text.MX_GPIO_Init
                0x08000594       0xfc CMakeFiles/cepptestprogrammer.dir/Core/Src/main.c.obj
 .text.Error_Handler
                0x08000690        0x4 CMakeFiles/cepptestprogrammer.dir/Core/Src/main.c.obj
                0x08000690                Error_Handler
 .text.MX_ETH_Init
                0x08000694       0x6c CMakeFiles/cepptestprogrammer.dir/Core/Src/main.c.obj
 .text.MX_USART3_UART_Init
                0x08000700       0x38 CMakeFiles/cepptestprogrammer.dir/Core/Src/main.c.obj
 .text.MX_USB_OTG_FS_PCD_Init
                0x08000738       0x34 CMakeFiles/cepptestprogrammer.dir/Core/Src/main.c.obj
 .text.SystemClock_Config
                0x0800076c       0xb4 CMakeFiles/cepptestprogrammer.dir/Core/Src/main.c.obj
                0x0800076c                SystemClock_Config
 .text.main     0x08000820       0x48 CMakeFiles/cepptestprogrammer.dir/Core/Src/main.c.obj
                0x08000820                main
 .text.HAL_MspInit
                0x08000868       0x30 CMakeFiles/cepptestprogrammer.dir/Core/Src/stm32f7xx_hal_msp.c.obj
                0x08000868                HAL_MspInit
 .text.HAL_ETH_MspInit
                0x08000898      0x110 CMakeFiles/cepptestprogrammer.dir/Core/Src/stm32f7xx_hal_msp.c.obj
                0x08000898                HAL_ETH_MspInit
 .text.HAL_UART_MspInit
                0x080009a8       0x8c CMakeFiles/cepptestprogrammer.dir/Core/Src/stm32f7xx_hal_msp.c.obj
                0x080009a8                HAL_UART_MspInit
 .text.HAL_PCD_MspInit
                0x08000a34       0xb0 CMakeFiles/cepptestprogrammer.dir/Core/Src/stm32f7xx_hal_msp.c.obj
                0x08000a34                HAL_PCD_MspInit
 .text.NMI_Handler
                0x08000ae4        0x2 CMakeFiles/cepptestprogrammer.dir/Core/Src/stm32f7xx_it.c.obj
                0x08000ae4                NMI_Handler
 .text.HardFault_Handler
                0x08000ae6        0x2 CMakeFiles/cepptestprogrammer.dir/Core/Src/stm32f7xx_it.c.obj
                0x08000ae6                HardFault_Handler
 .text.MemManage_Handler
                0x08000ae8        0x2 CMakeFiles/cepptestprogrammer.dir/Core/Src/stm32f7xx_it.c.obj
                0x08000ae8                MemManage_Handler
 .text.BusFault_Handler
                0x08000aea        0x2 CMakeFiles/cepptestprogrammer.dir/Core/Src/stm32f7xx_it.c.obj
                0x08000aea                BusFault_Handler
 .text.UsageFault_Handler
                0x08000aec        0x2 CMakeFiles/cepptestprogrammer.dir/Core/Src/stm32f7xx_it.c.obj
                0x08000aec                UsageFault_Handler
 .text.SVC_Handler
                0x08000aee        0x2 CMakeFiles/cepptestprogrammer.dir/Core/Src/stm32f7xx_it.c.obj
                0x08000aee                SVC_Handler
 .text.DebugMon_Handler
                0x08000af0        0x2 CMakeFiles/cepptestprogrammer.dir/Core/Src/stm32f7xx_it.c.obj
                0x08000af0                DebugMon_Handler
 .text.PendSV_Handler
                0x08000af2        0x2 CMakeFiles/cepptestprogrammer.dir/Core/Src/stm32f7xx_it.c.obj
                0x08000af2                PendSV_Handler
 .text.SysTick_Handler
                0x08000af4        0x8 CMakeFiles/cepptestprogrammer.dir/Core/Src/stm32f7xx_it.c.obj
                0x08000af4                SysTick_Handler
 .text.SystemInit
                0x08000afc       0x14 CMakeFiles/cepptestprogrammer.dir/Core/Src/system_stm32f7xx.c.obj
                0x08000afc                SystemInit
 .text.HAL_InitTick
                0x08000b10       0x4c CMakeFiles/cepptestprogrammer.dir/Drivers/STM32F7xx_HAL_Driver/Src/stm32f7xx_hal.c.obj
                0x08000b10                HAL_InitTick
 .text.HAL_Init
                0x08000b5c       0x16 CMakeFiles/cepptestprogrammer.dir/Drivers/STM32F7xx_HAL_Driver/Src/stm32f7xx_hal.c.obj
                0x08000b5c                HAL_Init
 *fill*         0x08000b72        0x2 
 .text.HAL_IncTick
                0x08000b74       0x18 CMakeFiles/cepptestprogrammer.dir/Drivers/STM32F7xx_HAL_Driver/Src/stm32f7xx_hal.c.obj
                0x08000b74                HAL_IncTick
 .text.HAL_GetTick
                0x08000b8c        0xc CMakeFiles/cepptestprogrammer.dir/Drivers/STM32F7xx_HAL_Driver/Src/stm32f7xx_hal.c.obj
                0x08000b8c                HAL_GetTick
 .text.HAL_Delay
                0x08000b98       0x28 CMakeFiles/cepptestprogrammer.dir/Drivers/STM32F7xx_HAL_Driver/Src/stm32f7xx_hal.c.obj
                0x08000b98                HAL_Delay
 .text.HAL_NVIC_SetPriorityGrouping
                0x08000bc0       0x24 CMakeFiles/cepptestprogrammer.dir/Drivers/STM32F7xx_HAL_Driver/Src/stm32f7xx_hal_cortex.c.obj
                0x08000bc0                HAL_NVIC_SetPriorityGrouping
 .text.HAL_NVIC_SetPriority
                0x08000be4       0x70 CMakeFiles/cepptestprogrammer.dir/Drivers/STM32F7xx_HAL_Driver/Src/stm32f7xx_hal_cortex.c.obj
                0x08000be4                HAL_NVIC_SetPriority
 .text.HAL_SYSTICK_Config
                0x08000c54       0x28 CMakeFiles/cepptestprogrammer.dir/Drivers/STM32F7xx_HAL_Driver/Src/stm32f7xx_hal_cortex.c.obj
                0x08000c54                HAL_SYSTICK_Config
 .text.ETH_MACAddressConfig
                0x08000c7c       0x30 CMakeFiles/cepptestprogrammer.dir/Drivers/STM32F7xx_HAL_Driver/Src/stm32f7xx_hal_eth.c.obj
 .text.ETH_DMATxDescListInit
                0x08000cac       0x6e CMakeFiles/cepptestprogrammer.dir/Drivers/STM32F7xx_HAL_Driver/Src/stm32f7xx_hal_eth.c.obj
 .text.ETH_DMARxDescListInit
                0x08000d1a       0x84 CMakeFiles/cepptestprogrammer.dir/Drivers/STM32F7xx_HAL_Driver/Src/stm32f7xx_hal_eth.c.obj
 *fill*         0x08000d9e        0x2 
 .text.ETH_SetMACConfig
                0x08000da0       0xfc CMakeFiles/cepptestprogrammer.dir/Drivers/STM32F7xx_HAL_Driver/Src/stm32f7xx_hal_eth.c.obj
 .text.ETH_SetDMAConfig
                0x08000e9c       0xc0 CMakeFiles/cepptestprogrammer.dir/Drivers/STM32F7xx_HAL_Driver/Src/stm32f7xx_hal_eth.c.obj
 .text.ETH_MACDMAConfig
                0x08000f5c       0xa2 CMakeFiles/cepptestprogrammer.dir/Drivers/STM32F7xx_HAL_Driver/Src/stm32f7xx_hal_eth.c.obj
 *fill*         0x08000ffe        0x2 
 .text.HAL_ETH_Init
                0x08001000       0xbc CMakeFiles/cepptestprogrammer.dir/Drivers/STM32F7xx_HAL_Driver/Src/stm32f7xx_hal_eth.c.obj
                0x08001000                HAL_ETH_Init
 .text.HAL_GPIO_Init
                0x080010bc      0x1f8 CMakeFiles/cepptestprogrammer.dir/Drivers/STM32F7xx_HAL_Driver/Src/stm32f7xx_hal_gpio.c.obj
                0x080010bc                HAL_GPIO_Init
 .text.HAL_GPIO_WritePin
                0x080012b4        0xc CMakeFiles/cepptestprogrammer.dir/Drivers/STM32F7xx_HAL_Driver/Src/stm32f7xx_hal_gpio.c.obj
                0x080012b4                HAL_GPIO_WritePin
 .text.HAL_PCD_Init
                0x080012c0      0x13c CMakeFiles/cepptestprogrammer.dir/Drivers/STM32F7xx_HAL_Driver/Src/stm32f7xx_hal_pcd.c.obj
                0x080012c0                HAL_PCD_Init
 .text.HAL_PCDEx_ActivateLPM
                0x080013fc       0x26 CMakeFiles/cepptestprogrammer.dir/Drivers/STM32F7xx_HAL_Driver/Src/stm32f7xx_hal_pcd_ex.c.obj
                0x080013fc                HAL_PCDEx_ActivateLPM
 *fill*         0x08001422        0x2 
 .text.HAL_PWR_EnableBkUpAccess
                0x08001424       0x10 CMakeFiles/cepptestprogrammer.dir/Drivers/STM32F7xx_HAL_Driver/Src/stm32f7xx_hal_pwr.c.obj
                0x08001424                HAL_PWR_EnableBkUpAccess
 .text.HAL_PWREx_EnableOverDrive
                0x08001434       0x7c CMakeFiles/cepptestprogrammer.dir/Drivers/STM32F7xx_HAL_Driver/Src/stm32f7xx_hal_pwr_ex.c.obj
                0x08001434                HAL_PWREx_EnableOverDrive
 .text.HAL_RCC_OscConfig
                0x080014b0      0x444 CMakeFiles/cepptestprogrammer.dir/Drivers/STM32F7xx_HAL_Driver/Src/stm32f7xx_hal_rcc.c.obj
                0x080014b0                HAL_RCC_OscConfig
 .text.HAL_RCC_GetSysClockFreq
                0x080018f4       0xd4 CMakeFiles/cepptestprogrammer.dir/Drivers/STM32F7xx_HAL_Driver/Src/stm32f7xx_hal_rcc.c.obj
                0x080018f4                HAL_RCC_GetSysClockFreq
 .text.HAL_RCC_ClockConfig
                0x080019c8      0x16c CMakeFiles/cepptestprogrammer.dir/Drivers/STM32F7xx_HAL_Driver/Src/stm32f7xx_hal_rcc.c.obj
                0x080019c8                HAL_RCC_ClockConfig
 .text.HAL_RCC_GetHCLKFreq
                0x08001b34        0xc CMakeFiles/cepptestprogrammer.dir/Drivers/STM32F7xx_HAL_Driver/Src/stm32f7xx_hal_rcc.c.obj
                0x08001b34                HAL_RCC_GetHCLKFreq
 .text.HAL_RCC_GetPCLK1Freq
                0x08001b40       0x20 CMakeFiles/cepptestprogrammer.dir/Drivers/STM32F7xx_HAL_Driver/Src/stm32f7xx_hal_rcc.c.obj
                0x08001b40                HAL_RCC_GetPCLK1Freq
 .text.HAL_RCC_GetPCLK2Freq
                0x08001b60       0x20 CMakeFiles/cepptestprogrammer.dir/Drivers/STM32F7xx_HAL_Driver/Src/stm32f7xx_hal_rcc.c.obj
                0x08001b60                HAL_RCC_GetPCLK2Freq
 .text.HAL_RCCEx_PeriphCLKConfig
                0x08001b80      0x600 CMakeFiles/cepptestprogrammer.dir/Drivers/STM32F7xx_HAL_Driver/Src/stm32f7xx_hal_rcc_ex.c.obj
                0x08001b80                HAL_RCCEx_PeriphCLKConfig
 .text.UART_SetConfig
                0x08002180      0x330 CMakeFiles/cepptestprogrammer.dir/Drivers/STM32F7xx_HAL_Driver/Src/stm32f7xx_hal_uart.c.obj
                0x08002180                UART_SetConfig
 .text.UART_AdvFeatureConfig
                0x080024b0       0xca CMakeFiles/cepptestprogrammer.dir/Drivers/STM32F7xx_HAL_Driver/Src/stm32f7xx_hal_uart.c.obj
                0x080024b0                UART_AdvFeatureConfig
 .text.UART_WaitOnFlagUntilTimeout
                0x0800257a       0xd8 CMakeFiles/cepptestprogrammer.dir/Drivers/STM32F7xx_HAL_Driver/Src/stm32f7xx_hal_uart.c.obj
                0x0800257a                UART_WaitOnFlagUntilTimeout
 .text.UART_CheckIdleState
                0x08002652       0x74 CMakeFiles/cepptestprogrammer.dir/Drivers/STM32F7xx_HAL_Driver/Src/stm32f7xx_hal_uart.c.obj
                0x08002652                UART_CheckIdleState
 .text.HAL_UART_Init
                0x080026c6       0x62 CMakeFiles/cepptestprogrammer.dir/Drivers/STM32F7xx_HAL_Driver/Src/stm32f7xx_hal_uart.c.obj
                0x080026c6                HAL_UART_Init
 .text.USB_CoreReset
                0x08002728       0x50 CMakeFiles/cepptestprogrammer.dir/Drivers/STM32F7xx_HAL_Driver/Src/stm32f7xx_ll_usb.c.obj
 .text.USB_CoreInit
                0x08002778       0x7c CMakeFiles/cepptestprogrammer.dir/Drivers/STM32F7xx_HAL_Driver/Src/stm32f7xx_ll_usb.c.obj
                0x08002778                USB_CoreInit
 .text.USB_DisableGlobalInt
                0x080027f4        0xc CMakeFiles/cepptestprogrammer.dir/Drivers/STM32F7xx_HAL_Driver/Src/stm32f7xx_ll_usb.c.obj
                0x080027f4                USB_DisableGlobalInt
 .text.USB_FlushTxFifo
                0x08002800       0x50 CMakeFiles/cepptestprogrammer.dir/Drivers/STM32F7xx_HAL_Driver/Src/stm32f7xx_ll_usb.c.obj
                0x08002800                USB_FlushTxFifo
 .text.USB_FlushRxFifo
                0x08002850       0x4c CMakeFiles/cepptestprogrammer.dir/Drivers/STM32F7xx_HAL_Driver/Src/stm32f7xx_ll_usb.c.obj
                0x08002850                USB_FlushRxFifo
 .text.USB_SetDevSpeed
                0x0800289c        0xe CMakeFiles/cepptestprogrammer.dir/Drivers/STM32F7xx_HAL_Driver/Src/stm32f7xx_ll_usb.c.obj
                0x0800289c                USB_SetDevSpeed
 *fill*         0x080028aa        0x2 
 .text.USB_DevInit
                0x080028ac      0x188 CMakeFiles/cepptestprogrammer.dir/Drivers/STM32F7xx_HAL_Driver/Src/stm32f7xx_ll_usb.c.obj
                0x080028ac                USB_DevInit
 .text.USB_DevDisconnect
                0x08002a34       0x1c CMakeFiles/cepptestprogrammer.dir/Drivers/STM32F7xx_HAL_Driver/Src/stm32f7xx_ll_usb.c.obj
                0x08002a34                USB_DevDisconnect
 .text.USB_GetMode
                0x08002a50        0x8 CMakeFiles/cepptestprogrammer.dir/Drivers/STM32F7xx_HAL_Driver/Src/stm32f7xx_ll_usb.c.obj
                0x08002a50                USB_GetMode
 .text.USB_SetCurrentMode
                0x08002a58       0x62 CMakeFiles/cepptestprogrammer.dir/Drivers/STM32F7xx_HAL_Driver/Src/stm32f7xx_ll_usb.c.obj
                0x08002a58                USB_SetCurrentMode
 *fill*         0x08002aba        0x2 
 .text.Reset_Handler
                0x08002abc       0x50 CMakeFiles/cepptestprogrammer.dir/Core/Startup/startup_stm32f767zitx.s.obj
                0x08002abc                Reset_Handler
 .text.Default_Handler
                0x08002b0c        0x2 CMakeFiles/cepptestprogrammer.dir/Core/Startup/startup_stm32f767zitx.s.obj
                0x08002b0c                RTC_Alarm_IRQHandler
                0x08002b0c                EXTI2_IRQHandler
                0x08002b0c                TIM8_CC_IRQHandler
                0x08002b0c                UART8_IRQHandler
                0x08002b0c                SPI4_IRQHandler
                0x08002b0c                TIM1_CC_IRQHandler
                0x08002b0c                DMA2_Stream5_IRQHandler
                0x08002b0c                JPEG_IRQHandler
                0x08002b0c                DMA1_Stream5_IRQHandler
                0x08002b0c                CAN3_RX1_IRQHandler
                0x08002b0c                PVD_IRQHandler
                0x08002b0c                TAMP_STAMP_IRQHandler
                0x08002b0c                CAN2_RX1_IRQHandler
                0x08002b0c                EXTI3_IRQHandler
                0x08002b0c                TIM8_TRG_COM_TIM14_IRQHandler
                0x08002b0c                DFSDM1_FLT1_IRQHandler
                0x08002b0c                TIM1_UP_TIM10_IRQHandler
                0x08002b0c                TIM8_UP_TIM13_IRQHandler
                0x08002b0c                I2C3_ER_IRQHandler
                0x08002b0c                DFSDM1_FLT2_IRQHandler
                0x08002b0c                EXTI0_IRQHandler
                0x08002b0c                I2C2_EV_IRQHandler
                0x08002b0c                DMA1_Stream2_IRQHandler
                0x08002b0c                CAN1_RX0_IRQHandler
                0x08002b0c                FPU_IRQHandler
                0x08002b0c                OTG_HS_WKUP_IRQHandler
                0x08002b0c                CAN3_SCE_IRQHandler
                0x08002b0c                LTDC_ER_IRQHandler
                0x08002b0c                CAN2_SCE_IRQHandler
                0x08002b0c                DMA2_Stream2_IRQHandler
                0x08002b0c                SPI1_IRQHandler
                0x08002b0c                TIM6_DAC_IRQHandler
                0x08002b0c                TIM1_BRK_TIM9_IRQHandler
                0x08002b0c                DCMI_IRQHandler
                0x08002b0c                CAN2_RX0_IRQHandler
                0x08002b0c                DMA2_Stream3_IRQHandler
                0x08002b0c                SAI2_IRQHandler
                0x08002b0c                DFSDM1_FLT3_IRQHandler
                0x08002b0c                USART6_IRQHandler
                0x08002b0c                CAN3_RX0_IRQHandler
                0x08002b0c                USART3_IRQHandler
                0x08002b0c                CAN1_RX1_IRQHandler
                0x08002b0c                UART5_IRQHandler
                0x08002b0c                DMA2_Stream0_IRQHandler
                0x08002b0c                TIM4_IRQHandler
                0x08002b0c                QUADSPI_IRQHandler
                0x08002b0c                I2C1_EV_IRQHandler
                0x08002b0c                DMA1_Stream6_IRQHandler
                0x08002b0c                DMA1_Stream1_IRQHandler
                0x08002b0c                UART4_IRQHandler
                0x08002b0c                TIM3_IRQHandler
                0x08002b0c                RCC_IRQHandler
                0x08002b0c                TIM8_BRK_TIM12_IRQHandler
                0x08002b0c                Default_Handler
                0x08002b0c                CEC_IRQHandler
                0x08002b0c                EXTI15_10_IRQHandler
                0x08002b0c                ADC_IRQHandler
                0x08002b0c                DMA1_Stream7_IRQHandler
                0x08002b0c                SPI5_IRQHandler
                0x08002b0c                TIM7_IRQHandler
                0x08002b0c                SDMMC1_IRQHandler
                0x08002b0c                CAN2_TX_IRQHandler
                0x08002b0c                TIM5_IRQHandler
                0x08002b0c                DMA2_Stream7_IRQHandler
                0x08002b0c                I2C3_EV_IRQHandler
                0x08002b0c                EXTI9_5_IRQHandler
                0x08002b0c                RTC_WKUP_IRQHandler
                0x08002b0c                LTDC_IRQHandler
                0x08002b0c                ETH_WKUP_IRQHandler
                0x08002b0c                SPDIF_RX_IRQHandler
                0x08002b0c                SPI2_IRQHandler
                0x08002b0c                OTG_HS_EP1_IN_IRQHandler
                0x08002b0c                DMA1_Stream0_IRQHandler
                0x08002b0c                CAN1_TX_IRQHandler
                0x08002b0c                EXTI4_IRQHandler
                0x08002b0c                RNG_IRQHandler
                0x08002b0c                ETH_IRQHandler
                0x08002b0c                OTG_HS_EP1_OUT_IRQHandler
                0x08002b0c                WWDG_IRQHandler
                0x08002b0c                SPI6_IRQHandler
                0x08002b0c                MDIOS_IRQHandler
                0x08002b0c                I2C4_EV_IRQHandler
                0x08002b0c                CAN3_TX_IRQHandler
                0x08002b0c                TIM2_IRQHandler
                0x08002b0c                OTG_FS_WKUP_IRQHandler
                0x08002b0c                TIM1_TRG_COM_TIM11_IRQHandler
                0x08002b0c                OTG_HS_IRQHandler
                0x08002b0c                DMA2D_IRQHandler
                0x08002b0c                EXTI1_IRQHandler
                0x08002b0c                SDMMC2_IRQHandler
                0x08002b0c                UART7_IRQHandler
                0x08002b0c                USART2_IRQHandler
                0x08002b0c                DFSDM1_FLT0_IRQHandler
                0x08002b0c                I2C2_ER_IRQHandler
                0x08002b0c                DMA2_Stream1_IRQHandler
                0x08002b0c                CAN1_SCE_IRQHandler
                0x08002b0c                FLASH_IRQHandler
                0x08002b0c                DMA2_Stream4_IRQHandler
                0x08002b0c                USART1_IRQHandler
                0x08002b0c                OTG_FS_IRQHandler
                0x08002b0c                SPI3_IRQHandler
                0x08002b0c                DMA1_Stream4_IRQHandler
                0x08002b0c                I2C1_ER_IRQHandler
                0x08002b0c                FMC_IRQHandler
                0x08002b0c                LPTIM1_IRQHandler
                0x08002b0c                I2C4_ER_IRQHandler
                0x08002b0c                DMA2_Stream6_IRQHandler
                0x08002b0c                SAI1_IRQHandler
                0x08002b0c                DMA1_Stream3_IRQHandler
 *(.glue_7)
 .glue_7        0x08002b0e        0x0 linker stubs
 *(.glue_7t)
 .glue_7t       0x08002b0e        0x0 linker stubs
 *(.eh_frame)
 *fill*         0x08002b0e        0x2 
 .eh_frame      0x08002b10        0x0 c:/progra~2/gnuarm~1/102021~1.10/bin/../lib/gcc/arm-none-eabi/10.3.1/thumb/v7e-m+fp/hard/crtbegin.o
 *(.init)
 .init          0x08002b10        0x4 c:/progra~2/gnuarm~1/102021~1.10/bin/../lib/gcc/arm-none-eabi/10.3.1/thumb/v7e-m+fp/hard/crti.o
                0x08002b10                _init
 .init          0x08002b14        0x8 c:/progra~2/gnuarm~1/102021~1.10/bin/../lib/gcc/arm-none-eabi/10.3.1/thumb/v7e-m+fp/hard/crtn.o
 *(.fini)
 .fini          0x08002b1c        0x4 c:/progra~2/gnuarm~1/102021~1.10/bin/../lib/gcc/arm-none-eabi/10.3.1/thumb/v7e-m+fp/hard/crti.o
                0x08002b1c                _fini
 .fini          0x08002b20        0x8 c:/progra~2/gnuarm~1/102021~1.10/bin/../lib/gcc/arm-none-eabi/10.3.1/thumb/v7e-m+fp/hard/crtn.o
                0x08002b28                . = ALIGN (0x4)
                0x08002b28                _etext = .

.vfp11_veneer   0x08002b28        0x0
 .vfp11_veneer  0x08002b28        0x0 linker stubs

.v4_bx          0x08002b28        0x0
 .v4_bx         0x08002b28        0x0 linker stubs

.iplt           0x08002b28        0x0
 .iplt          0x08002b28        0x0 c:/progra~2/gnuarm~1/102021~1.10/bin/../lib/gcc/arm-none-eabi/10.3.1/thumb/v7e-m+fp/hard/crtbegin.o

.rodata         0x08002b28       0x18
                0x08002b28                . = ALIGN (0x4)
 *(.rodata)
 *(.rodata*)
 .rodata.AHBPrescTable
                0x08002b28       0x10 CMakeFiles/cepptestprogrammer.dir/Core/Src/system_stm32f7xx.c.obj
                0x08002b28                AHBPrescTable
 .rodata.APBPrescTable
                0x08002b38        0x8 CMakeFiles/cepptestprogrammer.dir/Core/Src/system_stm32f7xx.c.obj
                0x08002b38                APBPrescTable
                0x08002b40                . = ALIGN (0x4)

.ARM.extab      0x08002b40        0x0
                0x08002b40                . = ALIGN (0x4)
 *(.ARM.extab* .gnu.linkonce.armextab.*)
                0x08002b40                . = ALIGN (0x4)

.ARM            0x08002b40        0x8
                0x08002b40                . = ALIGN (0x4)
                0x08002b40                __exidx_start = .
 *(.ARM.exidx*)
 .ARM.exidx     0x08002b40        0x8 c:/progra~2/gnuarm~1/102021~1.10/bin/../lib/gcc/arm-none-eabi/10.3.1/thumb/v7e-m+fp/hard\libgcc.a(_udivmoddi4.o)
                0x08002b48                __exidx_end = .
                0x08002b48                . = ALIGN (0x4)

.rel.dyn        0x08002b48        0x0
 .rel.iplt      0x08002b48        0x0 c:/progra~2/gnuarm~1/102021~1.10/bin/../lib/gcc/arm-none-eabi/10.3.1/thumb/v7e-m+fp/hard/crtbegin.o

.preinit_array  0x08002b48        0x0
                0x08002b48                . = ALIGN (0x4)
                0x08002b48                PROVIDE (__preinit_array_start = .)
 *(.preinit_array*)
                0x08002b48                PROVIDE (__preinit_array_end = .)
                0x08002b48                . = ALIGN (0x4)

.init_array     0x08002b48        0x4
                0x08002b48                . = ALIGN (0x4)
                0x08002b48                PROVIDE (__init_array_start = .)
 *(SORT_BY_NAME(.init_array.*))
 *(.init_array*)
 .init_array    0x08002b48        0x4 c:/progra~2/gnuarm~1/102021~1.10/bin/../lib/gcc/arm-none-eabi/10.3.1/thumb/v7e-m+fp/hard/crtbegin.o
                0x08002b4c                PROVIDE (__init_array_end = .)
                0x08002b4c                . = ALIGN (0x4)

.fini_array     0x08002b4c        0x4
                0x08002b4c                . = ALIGN (0x4)
                [!provide]                PROVIDE (__fini_array_start = .)
 *(SORT_BY_NAME(.fini_array.*))
 *(.fini_array*)
 .fini_array    0x08002b4c        0x4 c:/progra~2/gnuarm~1/102021~1.10/bin/../lib/gcc/arm-none-eabi/10.3.1/thumb/v7e-m+fp/hard/crtbegin.o
                [!provide]                PROVIDE (__fini_array_end = .)
                0x08002b50                . = ALIGN (0x4)
                0x08002b50                _sidata = LOADADDR (.data)

.data           0x20000000        0xc load address 0x08002b50
                0x20000000                . = ALIGN (0x4)
                0x20000000                _sdata = .
 *(.data)
 *(.data*)
 .data.SystemCoreClock
                0x20000000        0x4 CMakeFiles/cepptestprogrammer.dir/Core/Src/system_stm32f7xx.c.obj
                0x20000000                SystemCoreClock
 .data.uwTickFreq
                0x20000004        0x1 CMakeFiles/cepptestprogrammer.dir/Drivers/STM32F7xx_HAL_Driver/Src/stm32f7xx_hal.c.obj
                0x20000004                uwTickFreq
 *fill*         0x20000005        0x3 
 .data.uwTickPrio
                0x20000008        0x4 CMakeFiles/cepptestprogrammer.dir/Drivers/STM32F7xx_HAL_Driver/Src/stm32f7xx_hal.c.obj
                0x20000008                uwTickPrio
 *(.RamFunc)
 *(.RamFunc*)
                0x2000000c                . = ALIGN (0x4)
                0x2000000c                _edata = .

.igot.plt       0x2000000c        0x0 load address 0x08002b5c
 .igot.plt      0x2000000c        0x0 c:/progra~2/gnuarm~1/102021~1.10/bin/../lib/gcc/arm-none-eabi/10.3.1/thumb/v7e-m+fp/hard/crtbegin.o

.RxDecripSection
                0x2000000c       0xa0 load address 0x08002b5c
 .RxDecripSection
                0x2000000c       0xa0 CMakeFiles/cepptestprogrammer.dir/Core/Src/main.c.obj
                0x2000000c                DMARxDscrTab

.TxDecripSection
                0x200000ac       0xa0 load address 0x08002bfc
 .TxDecripSection
                0x200000ac       0xa0 CMakeFiles/cepptestprogrammer.dir/Core/Src/main.c.obj
                0x200000ac                DMATxDscrTab
                0x2000014c                . = ALIGN (0x4)

.bss            0x2000014c      0x6a0 load address 0x08002c9c
                0x2000014c                _sbss = .
                0x2000014c                __bss_start__ = _sbss
 *(.bss)
 .bss           0x2000014c       0x1c c:/progra~2/gnuarm~1/102021~1.10/bin/../lib/gcc/arm-none-eabi/10.3.1/thumb/v7e-m+fp/hard/crtbegin.o
 *(.bss*)
 .bss.MACAddr.0
                0x20000168        0x6 CMakeFiles/cepptestprogrammer.dir/Core/Src/main.c.obj
 *fill*         0x2000016e        0x2 
 .bss.TxConfig  0x20000170       0x38 CMakeFiles/cepptestprogrammer.dir/Core/Src/main.c.obj
                0x20000170                TxConfig
 .bss.heth      0x200001a8       0xb0 CMakeFiles/cepptestprogrammer.dir/Core/Src/main.c.obj
                0x200001a8                heth
 .bss.hpcd_USB_OTG_FS
                0x20000258      0x508 CMakeFiles/cepptestprogrammer.dir/Core/Src/main.c.obj
                0x20000258                hpcd_USB_OTG_FS
 .bss.huart3    0x20000760       0x88 CMakeFiles/cepptestprogrammer.dir/Core/Src/main.c.obj
                0x20000760                huart3
 .bss.uwTick    0x200007e8        0x4 CMakeFiles/cepptestprogrammer.dir/Drivers/STM32F7xx_HAL_Driver/Src/stm32f7xx_hal.c.obj
                0x200007e8                uwTick
 *(COMMON)
                0x200007ec                . = ALIGN (0x4)
                0x200007ec                _ebss = .
                0x200007ec                __bss_end__ = _ebss

._user_heap_stack
                0x200007ec      0x604 load address 0x08002c9c
                0x200007f0                . = ALIGN (0x8)
 *fill*         0x200007ec        0x4 
                [!provide]                PROVIDE (end = .)
                0x200007f0                PROVIDE (_end = .)
                0x200009f0                . = (. + _Min_Heap_Size)
 *fill*         0x200007f0      0x200 
                0x20000df0                . = (. + _Min_Stack_Size)
 *fill*         0x200009f0      0x400 
                0x20000df0                . = ALIGN (0x8)

/DISCARD/
 libc.a(*)
 libm.a(*)
 libgcc.a(*)

.ARM.attributes
                0x00000000       0x30
 *(.ARM.attributes)
 .ARM.attributes
                0x00000000       0x1e c:/progra~2/gnuarm~1/102021~1.10/bin/../lib/gcc/arm-none-eabi/10.3.1/thumb/v7e-m+fp/hard/crti.o
 .ARM.attributes
                0x0000001e       0x34 c:/progra~2/gnuarm~1/102021~1.10/bin/../lib/gcc/arm-none-eabi/10.3.1/thumb/v7e-m+fp/hard/crtbegin.o
 .ARM.attributes
                0x00000052       0x34 c:/progra~2/gnuarm~1/102021~1.10/bin/../lib/gcc/arm-none-eabi/10.3.1/../../../../arm-none-eabi/lib/thumb/v7e-m+fp/hard\libc_nano.a(lib_a-init.o)
 .ARM.attributes
                0x00000086       0x34 c:/progra~2/gnuarm~1/102021~1.10/bin/../lib/gcc/arm-none-eabi/10.3.1/../../../../arm-none-eabi/lib/thumb/v7e-m+fp/hard\libc_nano.a(lib_a-memset.o)
 .ARM.attributes
                0x000000ba       0x34 CMakeFiles/cepptestprogrammer.dir/Core/Src/main.c.obj
 .ARM.attributes
                0x000000ee       0x34 CMakeFiles/cepptestprogrammer.dir/Core/Src/stm32f7xx_hal_msp.c.obj
 .ARM.attributes
                0x00000122       0x34 CMakeFiles/cepptestprogrammer.dir/Core/Src/stm32f7xx_it.c.obj
 .ARM.attributes
                0x00000156       0x34 CMakeFiles/cepptestprogrammer.dir/Core/Src/system_stm32f7xx.c.obj
 .ARM.attributes
                0x0000018a       0x34 CMakeFiles/cepptestprogrammer.dir/Drivers/STM32F7xx_HAL_Driver/Src/stm32f7xx_hal.c.obj
 .ARM.attributes
                0x000001be       0x34 CMakeFiles/cepptestprogrammer.dir/Drivers/STM32F7xx_HAL_Driver/Src/stm32f7xx_hal_cortex.c.obj
 .ARM.attributes
                0x000001f2       0x34 CMakeFiles/cepptestprogrammer.dir/Drivers/STM32F7xx_HAL_Driver/Src/stm32f7xx_hal_eth.c.obj
 .ARM.attributes
                0x00000226       0x34 CMakeFiles/cepptestprogrammer.dir/Drivers/STM32F7xx_HAL_Driver/Src/stm32f7xx_hal_gpio.c.obj
 .ARM.attributes
                0x0000025a       0x34 CMakeFiles/cepptestprogrammer.dir/Drivers/STM32F7xx_HAL_Driver/Src/stm32f7xx_hal_pcd.c.obj
 .ARM.attributes
                0x0000028e       0x34 CMakeFiles/cepptestprogrammer.dir/Drivers/STM32F7xx_HAL_Driver/Src/stm32f7xx_hal_pcd_ex.c.obj
 .ARM.attributes
                0x000002c2       0x34 CMakeFiles/cepptestprogrammer.dir/Drivers/STM32F7xx_HAL_Driver/Src/stm32f7xx_hal_pwr.c.obj
 .ARM.attributes
                0x000002f6       0x34 CMakeFiles/cepptestprogrammer.dir/Drivers/STM32F7xx_HAL_Driver/Src/stm32f7xx_hal_pwr_ex.c.obj
 .ARM.attributes
                0x0000032a       0x34 CMakeFiles/cepptestprogrammer.dir/Drivers/STM32F7xx_HAL_Driver/Src/stm32f7xx_hal_rcc.c.obj
 .ARM.attributes
                0x0000035e       0x34 CMakeFiles/cepptestprogrammer.dir/Drivers/STM32F7xx_HAL_Driver/Src/stm32f7xx_hal_rcc_ex.c.obj
 .ARM.attributes
                0x00000392       0x34 CMakeFiles/cepptestprogrammer.dir/Drivers/STM32F7xx_HAL_Driver/Src/stm32f7xx_hal_uart.c.obj
 .ARM.attributes
                0x000003c6       0x34 CMakeFiles/cepptestprogrammer.dir/Drivers/STM32F7xx_HAL_Driver/Src/stm32f7xx_ll_usb.c.obj
 .ARM.attributes
                0x000003fa       0x21 CMakeFiles/cepptestprogrammer.dir/Core/Startup/startup_stm32f767zitx.s.obj
 .ARM.attributes
                0x0000041b       0x1e c:/progra~2/gnuarm~1/102021~1.10/bin/../lib/gcc/arm-none-eabi/10.3.1/thumb/v7e-m+fp/hard\libgcc.a(_aeabi_uldivmod.o)
 .ARM.attributes
                0x00000439       0x34 c:/progra~2/gnuarm~1/102021~1.10/bin/../lib/gcc/arm-none-eabi/10.3.1/thumb/v7e-m+fp/hard\libgcc.a(_udivmoddi4.o)
 .ARM.attributes
                0x0000046d       0x1e c:/progra~2/gnuarm~1/102021~1.10/bin/../lib/gcc/arm-none-eabi/10.3.1/thumb/v7e-m+fp/hard\libgcc.a(_dvmd_tls.o)
 .ARM.attributes
                0x0000048b       0x1e c:/progra~2/gnuarm~1/102021~1.10/bin/../lib/gcc/arm-none-eabi/10.3.1/thumb/v7e-m+fp/hard/crtn.o
OUTPUT(cepptestprogrammer.elf elf32-littlearm)
LOAD linker stubs
LOAD c:/progra~2/gnuarm~1/102021~1.10/bin/../lib/gcc/arm-none-eabi/10.3.1/../../../../arm-none-eabi/lib/thumb/v7e-m+fp/hard\libc.a
LOAD c:/progra~2/gnuarm~1/102021~1.10/bin/../lib/gcc/arm-none-eabi/10.3.1/../../../../arm-none-eabi/lib/thumb/v7e-m+fp/hard\libm.a
LOAD c:/progra~2/gnuarm~1/102021~1.10/bin/../lib/gcc/arm-none-eabi/10.3.1/thumb/v7e-m+fp/hard\libgcc.a

.debug_frame    0x00000000     0x202c
 .debug_frame   0x00000000       0x2c c:/progra~2/gnuarm~1/102021~1.10/bin/../lib/gcc/arm-none-eabi/10.3.1/../../../../arm-none-eabi/lib/thumb/v7e-m+fp/hard\libc_nano.a(lib_a-init.o)
 .debug_frame   0x0000002c       0x20 c:/progra~2/gnuarm~1/102021~1.10/bin/../lib/gcc/arm-none-eabi/10.3.1/../../../../arm-none-eabi/lib/thumb/v7e-m+fp/hard\libc_nano.a(lib_a-memset.o)
 .debug_frame   0x0000004c       0xc4 CMakeFiles/cepptestprogrammer.dir/Core/Src/main.c.obj
 .debug_frame   0x00000110       0xe4 CMakeFiles/cepptestprogrammer.dir/Core/Src/stm32f7xx_hal_msp.c.obj
 .debug_frame   0x000001f4       0xa8 CMakeFiles/cepptestprogrammer.dir/Core/Src/stm32f7xx_it.c.obj
 .debug_frame   0x0000029c       0x30 CMakeFiles/cepptestprogrammer.dir/Core/Src/system_stm32f7xx.c.obj
 .debug_frame   0x000002cc      0x22c CMakeFiles/cepptestprogrammer.dir/Drivers/STM32F7xx_HAL_Driver/Src/stm32f7xx_hal.c.obj
 .debug_frame   0x000004f8      0x148 CMakeFiles/cepptestprogrammer.dir/Drivers/STM32F7xx_HAL_Driver/Src/stm32f7xx_hal_cortex.c.obj
 .debug_frame   0x00000640      0x54c CMakeFiles/cepptestprogrammer.dir/Drivers/STM32F7xx_HAL_Driver/Src/stm32f7xx_hal_eth.c.obj
 .debug_frame   0x00000b8c       0xd8 CMakeFiles/cepptestprogrammer.dir/Drivers/STM32F7xx_HAL_Driver/Src/stm32f7xx_hal_gpio.c.obj
 .debug_frame   0x00000c64      0x388 CMakeFiles/cepptestprogrammer.dir/Drivers/STM32F7xx_HAL_Driver/Src/stm32f7xx_hal_pcd.c.obj
 .debug_frame   0x00000fec       0x7c CMakeFiles/cepptestprogrammer.dir/Drivers/STM32F7xx_HAL_Driver/Src/stm32f7xx_hal_pcd_ex.c.obj
 .debug_frame   0x00001068      0x128 CMakeFiles/cepptestprogrammer.dir/Drivers/STM32F7xx_HAL_Driver/Src/stm32f7xx_hal_pwr.c.obj
 .debug_frame   0x00001190      0x138 CMakeFiles/cepptestprogrammer.dir/Drivers/STM32F7xx_HAL_Driver/Src/stm32f7xx_hal_pwr_ex.c.obj
 .debug_frame   0x000012c8      0x178 CMakeFiles/cepptestprogrammer.dir/Drivers/STM32F7xx_HAL_Driver/Src/stm32f7xx_hal_rcc.c.obj
 .debug_frame   0x00001440       0xc0 CMakeFiles/cepptestprogrammer.dir/Drivers/STM32F7xx_HAL_Driver/Src/stm32f7xx_hal_rcc_ex.c.obj
 .debug_frame   0x00001500      0x610 CMakeFiles/cepptestprogrammer.dir/Drivers/STM32F7xx_HAL_Driver/Src/stm32f7xx_hal_uart.c.obj
 .debug_frame   0x00001b10      0x4bc CMakeFiles/cepptestprogrammer.dir/Drivers/STM32F7xx_HAL_Driver/Src/stm32f7xx_ll_usb.c.obj
 .debug_frame   0x00001fcc       0x2c c:/progra~2/gnuarm~1/102021~1.10/bin/../lib/gcc/arm-none-eabi/10.3.1/thumb/v7e-m+fp/hard\libgcc.a(_aeabi_uldivmod.o)
 .debug_frame   0x00001ff8       0x34 c:/progra~2/gnuarm~1/102021~1.10/bin/../lib/gcc/arm-none-eabi/10.3.1/thumb/v7e-m+fp/hard\libgcc.a(_udivmoddi4.o)

.debug_info     0x00000000    0x152bf
 .debug_info    0x00000000     0x1f36 CMakeFiles/cepptestprogrammer.dir/Core/Src/main.c.obj
 .debug_info    0x00001f36     0x1e5b CMakeFiles/cepptestprogrammer.dir/Core/Src/stm32f7xx_hal_msp.c.obj
 .debug_info    0x00003d91      0x133 CMakeFiles/cepptestprogrammer.dir/Core/Src/stm32f7xx_it.c.obj
 .debug_info    0x00003ec4      0x73c CMakeFiles/cepptestprogrammer.dir/Core/Src/system_stm32f7xx.c.obj
 .debug_info    0x00004600      0xad7 CMakeFiles/cepptestprogrammer.dir/Drivers/STM32F7xx_HAL_Driver/Src/stm32f7xx_hal.c.obj
 .debug_info    0x000050d7     0x1323 CMakeFiles/cepptestprogrammer.dir/Drivers/STM32F7xx_HAL_Driver/Src/stm32f7xx_hal_cortex.c.obj
 .debug_info    0x000063fa     0x2868 CMakeFiles/cepptestprogrammer.dir/Drivers/STM32F7xx_HAL_Driver/Src/stm32f7xx_hal_eth.c.obj
 .debug_info    0x00008c62      0x7e5 CMakeFiles/cepptestprogrammer.dir/Drivers/STM32F7xx_HAL_Driver/Src/stm32f7xx_hal_gpio.c.obj
 .debug_info    0x00009447     0x1ba5 CMakeFiles/cepptestprogrammer.dir/Drivers/STM32F7xx_HAL_Driver/Src/stm32f7xx_hal_pcd.c.obj
 .debug_info    0x0000afec      0x806 CMakeFiles/cepptestprogrammer.dir/Drivers/STM32F7xx_HAL_Driver/Src/stm32f7xx_hal_pcd_ex.c.obj
 .debug_info    0x0000b7f2      0x9a1 CMakeFiles/cepptestprogrammer.dir/Drivers/STM32F7xx_HAL_Driver/Src/stm32f7xx_hal_pwr.c.obj
 .debug_info    0x0000c193      0xa23 CMakeFiles/cepptestprogrammer.dir/Drivers/STM32F7xx_HAL_Driver/Src/stm32f7xx_hal_pwr_ex.c.obj
 .debug_info    0x0000cbb6      0xc28 CMakeFiles/cepptestprogrammer.dir/Drivers/STM32F7xx_HAL_Driver/Src/stm32f7xx_hal_rcc.c.obj
 .debug_info    0x0000d7de      0x8c5 CMakeFiles/cepptestprogrammer.dir/Drivers/STM32F7xx_HAL_Driver/Src/stm32f7xx_hal_rcc_ex.c.obj
 .debug_info    0x0000e0a3     0x5179 CMakeFiles/cepptestprogrammer.dir/Drivers/STM32F7xx_HAL_Driver/Src/stm32f7xx_hal_uart.c.obj
 .debug_info    0x0001321c     0x2081 CMakeFiles/cepptestprogrammer.dir/Drivers/STM32F7xx_HAL_Driver/Src/stm32f7xx_ll_usb.c.obj
 .debug_info    0x0001529d       0x22 CMakeFiles/cepptestprogrammer.dir/Core/Startup/startup_stm32f767zitx.s.obj

.debug_abbrev   0x00000000     0x22aa
 .debug_abbrev  0x00000000      0x2ce CMakeFiles/cepptestprogrammer.dir/Core/Src/main.c.obj
 .debug_abbrev  0x000002ce      0x27b CMakeFiles/cepptestprogrammer.dir/Core/Src/stm32f7xx_hal_msp.c.obj
 .debug_abbrev  0x00000549       0x81 CMakeFiles/cepptestprogrammer.dir/Core/Src/stm32f7xx_it.c.obj
 .debug_abbrev  0x000005ca      0x136 CMakeFiles/cepptestprogrammer.dir/Core/Src/system_stm32f7xx.c.obj
 .debug_abbrev  0x00000700      0x1cb CMakeFiles/cepptestprogrammer.dir/Drivers/STM32F7xx_HAL_Driver/Src/stm32f7xx_hal.c.obj
 .debug_abbrev  0x000008cb      0x333 CMakeFiles/cepptestprogrammer.dir/Drivers/STM32F7xx_HAL_Driver/Src/stm32f7xx_hal_cortex.c.obj
 .debug_abbrev  0x00000bfe      0x2c7 CMakeFiles/cepptestprogrammer.dir/Drivers/STM32F7xx_HAL_Driver/Src/stm32f7xx_hal_eth.c.obj
 .debug_abbrev  0x00000ec5      0x1d6 CMakeFiles/cepptestprogrammer.dir/Drivers/STM32F7xx_HAL_Driver/Src/stm32f7xx_hal_gpio.c.obj
 .debug_abbrev  0x0000109b      0x2d4 CMakeFiles/cepptestprogrammer.dir/Drivers/STM32F7xx_HAL_Driver/Src/stm32f7xx_hal_pcd.c.obj
 .debug_abbrev  0x0000136f      0x1d7 CMakeFiles/cepptestprogrammer.dir/Drivers/STM32F7xx_HAL_Driver/Src/stm32f7xx_hal_pcd_ex.c.obj
 .debug_abbrev  0x00001546      0x1ab CMakeFiles/cepptestprogrammer.dir/Drivers/STM32F7xx_HAL_Driver/Src/stm32f7xx_hal_pwr.c.obj
 .debug_abbrev  0x000016f1      0x1ab CMakeFiles/cepptestprogrammer.dir/Drivers/STM32F7xx_HAL_Driver/Src/stm32f7xx_hal_pwr_ex.c.obj
 .debug_abbrev  0x0000189c      0x297 CMakeFiles/cepptestprogrammer.dir/Drivers/STM32F7xx_HAL_Driver/Src/stm32f7xx_hal_rcc.c.obj
 .debug_abbrev  0x00001b33      0x1b8 CMakeFiles/cepptestprogrammer.dir/Drivers/STM32F7xx_HAL_Driver/Src/stm32f7xx_hal_rcc_ex.c.obj
 .debug_abbrev  0x00001ceb      0x2fd CMakeFiles/cepptestprogrammer.dir/Drivers/STM32F7xx_HAL_Driver/Src/stm32f7xx_hal_uart.c.obj
 .debug_abbrev  0x00001fe8      0x2b0 CMakeFiles/cepptestprogrammer.dir/Drivers/STM32F7xx_HAL_Driver/Src/stm32f7xx_ll_usb.c.obj
 .debug_abbrev  0x00002298       0x12 CMakeFiles/cepptestprogrammer.dir/Core/Startup/startup_stm32f767zitx.s.obj

.debug_loc      0x00000000     0xc1cf
 .debug_loc     0x00000000       0x16 CMakeFiles/cepptestprogrammer.dir/Core/Src/main.c.obj
 .debug_loc     0x00000016      0x186 CMakeFiles/cepptestprogrammer.dir/Core/Src/stm32f7xx_hal_msp.c.obj
 .debug_loc     0x0000019c      0x158 CMakeFiles/cepptestprogrammer.dir/Core/Src/system_stm32f7xx.c.obj
 .debug_loc     0x000002f4      0x141 CMakeFiles/cepptestprogrammer.dir/Drivers/STM32F7xx_HAL_Driver/Src/stm32f7xx_hal.c.obj
 .debug_loc     0x00000435      0x744 CMakeFiles/cepptestprogrammer.dir/Drivers/STM32F7xx_HAL_Driver/Src/stm32f7xx_hal_cortex.c.obj
 .debug_loc     0x00000b79     0x1957 CMakeFiles/cepptestprogrammer.dir/Drivers/STM32F7xx_HAL_Driver/Src/stm32f7xx_hal_eth.c.obj
 .debug_loc     0x000024d0      0x520 CMakeFiles/cepptestprogrammer.dir/Drivers/STM32F7xx_HAL_Driver/Src/stm32f7xx_hal_gpio.c.obj
 .debug_loc     0x000029f0     0x137b CMakeFiles/cepptestprogrammer.dir/Drivers/STM32F7xx_HAL_Driver/Src/stm32f7xx_hal_pcd.c.obj
 .debug_loc     0x00003d6b      0x16c CMakeFiles/cepptestprogrammer.dir/Drivers/STM32F7xx_HAL_Driver/Src/stm32f7xx_hal_pcd_ex.c.obj
 .debug_loc     0x00003ed7       0x59 CMakeFiles/cepptestprogrammer.dir/Drivers/STM32F7xx_HAL_Driver/Src/stm32f7xx_hal_pwr.c.obj
 .debug_loc     0x00003f30      0x26d CMakeFiles/cepptestprogrammer.dir/Drivers/STM32F7xx_HAL_Driver/Src/stm32f7xx_hal_pwr_ex.c.obj
 .debug_loc     0x0000419d      0x695 CMakeFiles/cepptestprogrammer.dir/Drivers/STM32F7xx_HAL_Driver/Src/stm32f7xx_hal_rcc.c.obj
 .debug_loc     0x00004832      0x890 CMakeFiles/cepptestprogrammer.dir/Drivers/STM32F7xx_HAL_Driver/Src/stm32f7xx_hal_rcc_ex.c.obj
 .debug_loc     0x000050c2     0x4b0c CMakeFiles/cepptestprogrammer.dir/Drivers/STM32F7xx_HAL_Driver/Src/stm32f7xx_hal_uart.c.obj
 .debug_loc     0x00009bce     0x2601 CMakeFiles/cepptestprogrammer.dir/Drivers/STM32F7xx_HAL_Driver/Src/stm32f7xx_ll_usb.c.obj

.debug_aranges  0x00000000      0xca0
 .debug_aranges
                0x00000000       0x50 CMakeFiles/cepptestprogrammer.dir/Core/Src/main.c.obj
 .debug_aranges
                0x00000050       0x50 CMakeFiles/cepptestprogrammer.dir/Core/Src/stm32f7xx_hal_msp.c.obj
 .debug_aranges
                0x000000a0       0x60 CMakeFiles/cepptestprogrammer.dir/Core/Src/stm32f7xx_it.c.obj
 .debug_aranges
                0x00000100       0x28 CMakeFiles/cepptestprogrammer.dir/Core/Src/system_stm32f7xx.c.obj
 .debug_aranges
                0x00000128      0x110 CMakeFiles/cepptestprogrammer.dir/Drivers/STM32F7xx_HAL_Driver/Src/stm32f7xx_hal.c.obj
 .debug_aranges
                0x00000238       0xa8 CMakeFiles/cepptestprogrammer.dir/Drivers/STM32F7xx_HAL_Driver/Src/stm32f7xx_hal_cortex.c.obj
 .debug_aranges
                0x000002e0      0x1e0 CMakeFiles/cepptestprogrammer.dir/Drivers/STM32F7xx_HAL_Driver/Src/stm32f7xx_hal_eth.c.obj
 .debug_aranges
                0x000004c0       0x58 CMakeFiles/cepptestprogrammer.dir/Drivers/STM32F7xx_HAL_Driver/Src/stm32f7xx_hal_gpio.c.obj
 .debug_aranges
                0x00000518      0x148 CMakeFiles/cepptestprogrammer.dir/Drivers/STM32F7xx_HAL_Driver/Src/stm32f7xx_hal_pcd.c.obj
 .debug_aranges
                0x00000660       0x48 CMakeFiles/cepptestprogrammer.dir/Drivers/STM32F7xx_HAL_Driver/Src/stm32f7xx_hal_pcd_ex.c.obj
 .debug_aranges
                0x000006a8       0xa0 CMakeFiles/cepptestprogrammer.dir/Drivers/STM32F7xx_HAL_Driver/Src/stm32f7xx_hal_pwr.c.obj
 .debug_aranges
                0x00000748       0x80 CMakeFiles/cepptestprogrammer.dir/Drivers/STM32F7xx_HAL_Driver/Src/stm32f7xx_hal_pwr_ex.c.obj
 .debug_aranges
                0x000007c8       0x88 CMakeFiles/cepptestprogrammer.dir/Drivers/STM32F7xx_HAL_Driver/Src/stm32f7xx_hal_rcc.c.obj
 .debug_aranges
                0x00000850       0x50 CMakeFiles/cepptestprogrammer.dir/Drivers/STM32F7xx_HAL_Driver/Src/stm32f7xx_hal_rcc_ex.c.obj
 .debug_aranges
                0x000008a0      0x230 CMakeFiles/cepptestprogrammer.dir/Drivers/STM32F7xx_HAL_Driver/Src/stm32f7xx_hal_uart.c.obj
 .debug_aranges
                0x00000ad0      0x1a8 CMakeFiles/cepptestprogrammer.dir/Drivers/STM32F7xx_HAL_Driver/Src/stm32f7xx_ll_usb.c.obj
 .debug_aranges
                0x00000c78       0x28 CMakeFiles/cepptestprogrammer.dir/Core/Startup/startup_stm32f767zitx.s.obj

.debug_ranges   0x00000000      0xc10
 .debug_ranges  0x00000000       0x40 CMakeFiles/cepptestprogrammer.dir/Core/Src/main.c.obj
 .debug_ranges  0x00000040       0x40 CMakeFiles/cepptestprogrammer.dir/Core/Src/stm32f7xx_hal_msp.c.obj
 .debug_ranges  0x00000080       0x50 CMakeFiles/cepptestprogrammer.dir/Core/Src/stm32f7xx_it.c.obj
 .debug_ranges  0x000000d0       0x18 CMakeFiles/cepptestprogrammer.dir/Core/Src/system_stm32f7xx.c.obj
 .debug_ranges  0x000000e8      0x100 CMakeFiles/cepptestprogrammer.dir/Drivers/STM32F7xx_HAL_Driver/Src/stm32f7xx_hal.c.obj
 .debug_ranges  0x000001e8       0xf8 CMakeFiles/cepptestprogrammer.dir/Drivers/STM32F7xx_HAL_Driver/Src/stm32f7xx_hal_cortex.c.obj
 .debug_ranges  0x000002e0      0x1d0 CMakeFiles/cepptestprogrammer.dir/Drivers/STM32F7xx_HAL_Driver/Src/stm32f7xx_hal_eth.c.obj
 .debug_ranges  0x000004b0       0x48 CMakeFiles/cepptestprogrammer.dir/Drivers/STM32F7xx_HAL_Driver/Src/stm32f7xx_hal_gpio.c.obj
 .debug_ranges  0x000004f8      0x138 CMakeFiles/cepptestprogrammer.dir/Drivers/STM32F7xx_HAL_Driver/Src/stm32f7xx_hal_pcd.c.obj
 .debug_ranges  0x00000630       0x38 CMakeFiles/cepptestprogrammer.dir/Drivers/STM32F7xx_HAL_Driver/Src/stm32f7xx_hal_pcd_ex.c.obj
 .debug_ranges  0x00000668       0x90 CMakeFiles/cepptestprogrammer.dir/Drivers/STM32F7xx_HAL_Driver/Src/stm32f7xx_hal_pwr.c.obj
 .debug_ranges  0x000006f8       0x70 CMakeFiles/cepptestprogrammer.dir/Drivers/STM32F7xx_HAL_Driver/Src/stm32f7xx_hal_pwr_ex.c.obj
 .debug_ranges  0x00000768       0x78 CMakeFiles/cepptestprogrammer.dir/Drivers/STM32F7xx_HAL_Driver/Src/stm32f7xx_hal_rcc.c.obj
 .debug_ranges  0x000007e0       0x40 CMakeFiles/cepptestprogrammer.dir/Drivers/STM32F7xx_HAL_Driver/Src/stm32f7xx_hal_rcc_ex.c.obj
 .debug_ranges  0x00000820      0x238 CMakeFiles/cepptestprogrammer.dir/Drivers/STM32F7xx_HAL_Driver/Src/stm32f7xx_hal_uart.c.obj
 .debug_ranges  0x00000a58      0x198 CMakeFiles/cepptestprogrammer.dir/Drivers/STM32F7xx_HAL_Driver/Src/stm32f7xx_ll_usb.c.obj
 .debug_ranges  0x00000bf0       0x20 CMakeFiles/cepptestprogrammer.dir/Core/Startup/startup_stm32f767zitx.s.obj

.debug_macro    0x00000000    0x28443
 .debug_macro   0x00000000      0x2d5 CMakeFiles/cepptestprogrammer.dir/Core/Src/main.c.obj
 .debug_macro   0x000002d5      0xa72 CMakeFiles/cepptestprogrammer.dir/Core/Src/main.c.obj
 .debug_macro   0x00000d47      0x299 CMakeFiles/cepptestprogrammer.dir/Core/Src/main.c.obj
 .debug_macro   0x00000fe0       0x2e CMakeFiles/cepptestprogrammer.dir/Core/Src/main.c.obj
 .debug_macro   0x0000100e       0x3b CMakeFiles/cepptestprogrammer.dir/Core/Src/main.c.obj
 .debug_macro   0x00001049       0x22 CMakeFiles/cepptestprogrammer.dir/Core/Src/main.c.obj
 .debug_macro   0x0000106b       0x8e CMakeFiles/cepptestprogrammer.dir/Core/Src/main.c.obj
 .debug_macro   0x000010f9       0x51 CMakeFiles/cepptestprogrammer.dir/Core/Src/main.c.obj
 .debug_macro   0x0000114a      0x103 CMakeFiles/cepptestprogrammer.dir/Core/Src/main.c.obj
 .debug_macro   0x0000124d       0x6a CMakeFiles/cepptestprogrammer.dir/Core/Src/main.c.obj
 .debug_macro   0x000012b7      0x1df CMakeFiles/cepptestprogrammer.dir/Core/Src/main.c.obj
 .debug_macro   0x00001496       0x1c CMakeFiles/cepptestprogrammer.dir/Core/Src/main.c.obj
 .debug_macro   0x000014b2       0x22 CMakeFiles/cepptestprogrammer.dir/Core/Src/main.c.obj
 .debug_macro   0x000014d4       0xd9 CMakeFiles/cepptestprogrammer.dir/Core/Src/main.c.obj
 .debug_macro   0x000015ad     0x12cd CMakeFiles/cepptestprogrammer.dir/Core/Src/main.c.obj
 .debug_macro   0x0000287a      0x11f CMakeFiles/cepptestprogrammer.dir/Core/Src/main.c.obj
 .debug_macro   0x00002999       0x19 CMakeFiles/cepptestprogrammer.dir/Core/Src/main.c.obj
 .debug_macro   0x000029b2    0x1aa0d CMakeFiles/cepptestprogrammer.dir/Core/Src/main.c.obj
 .debug_macro   0x0001d3bf       0x6d CMakeFiles/cepptestprogrammer.dir/Core/Src/main.c.obj
 .debug_macro   0x0001d42c     0x3749 CMakeFiles/cepptestprogrammer.dir/Core/Src/main.c.obj
 .debug_macro   0x00020b75      0x174 CMakeFiles/cepptestprogrammer.dir/Core/Src/main.c.obj
 .debug_macro   0x00020ce9       0x63 CMakeFiles/cepptestprogrammer.dir/Core/Src/main.c.obj
 .debug_macro   0x00020d4c     0x1add CMakeFiles/cepptestprogrammer.dir/Core/Src/main.c.obj
 .debug_macro   0x00022829      0x6c4 CMakeFiles/cepptestprogrammer.dir/Core/Src/main.c.obj
 .debug_macro   0x00022eed      0x18b CMakeFiles/cepptestprogrammer.dir/Core/Src/main.c.obj
 .debug_macro   0x00023078      0x115 CMakeFiles/cepptestprogrammer.dir/Core/Src/main.c.obj
 .debug_macro   0x0002318d      0x26e CMakeFiles/cepptestprogrammer.dir/Core/Src/main.c.obj
 .debug_macro   0x000233fb       0xa5 CMakeFiles/cepptestprogrammer.dir/Core/Src/main.c.obj
 .debug_macro   0x000234a0      0x24f CMakeFiles/cepptestprogrammer.dir/Core/Src/main.c.obj
 .debug_macro   0x000236ef       0x71 CMakeFiles/cepptestprogrammer.dir/Core/Src/main.c.obj
 .debug_macro   0x00023760       0x58 CMakeFiles/cepptestprogrammer.dir/Core/Src/main.c.obj
 .debug_macro   0x000237b8      0x236 CMakeFiles/cepptestprogrammer.dir/Core/Src/main.c.obj
 .debug_macro   0x000239ee      0xd44 CMakeFiles/cepptestprogrammer.dir/Core/Src/main.c.obj
 .debug_macro   0x00024732      0x14e CMakeFiles/cepptestprogrammer.dir/Core/Src/main.c.obj
 .debug_macro   0x00024880      0x3db CMakeFiles/cepptestprogrammer.dir/Core/Src/main.c.obj
 .debug_macro   0x00024c5b       0x12 CMakeFiles/cepptestprogrammer.dir/Core/Src/main.c.obj
 .debug_macro   0x00024c6d      0x22c CMakeFiles/cepptestprogrammer.dir/Core/Src/main.c.obj
 .debug_macro   0x00024e99       0x61 CMakeFiles/cepptestprogrammer.dir/Core/Src/main.c.obj
 .debug_macro   0x00024efa       0xa5 CMakeFiles/cepptestprogrammer.dir/Core/Src/main.c.obj
 .debug_macro   0x00024f9f      0x12e CMakeFiles/cepptestprogrammer.dir/Core/Src/main.c.obj
 .debug_macro   0x000250cd      0x108 CMakeFiles/cepptestprogrammer.dir/Core/Src/main.c.obj
 .debug_macro   0x000251d5       0x35 CMakeFiles/cepptestprogrammer.dir/Core/Src/main.c.obj
 .debug_macro   0x0002520a      0x5ba CMakeFiles/cepptestprogrammer.dir/Core/Src/main.c.obj
 .debug_macro   0x000257c4       0x44 CMakeFiles/cepptestprogrammer.dir/Core/Src/main.c.obj
 .debug_macro   0x00025808      0x256 CMakeFiles/cepptestprogrammer.dir/Core/Src/main.c.obj
 .debug_macro   0x00025a5e       0xba CMakeFiles/cepptestprogrammer.dir/Core/Src/main.c.obj
 .debug_macro   0x00025b18      0x15b CMakeFiles/cepptestprogrammer.dir/Core/Src/main.c.obj
 .debug_macro   0x00025c73      0x13c CMakeFiles/cepptestprogrammer.dir/Core/Src/main.c.obj
 .debug_macro   0x00025daf       0x52 CMakeFiles/cepptestprogrammer.dir/Core/Src/main.c.obj
 .debug_macro   0x00025e01       0x1e CMakeFiles/cepptestprogrammer.dir/Core/Src/main.c.obj
 .debug_macro   0x00025e1f       0x3c CMakeFiles/cepptestprogrammer.dir/Core/Src/main.c.obj
 .debug_macro   0x00025e5b       0x34 CMakeFiles/cepptestprogrammer.dir/Core/Src/main.c.obj
 .debug_macro   0x00025e8f       0x16 CMakeFiles/cepptestprogrammer.dir/Core/Src/main.c.obj
 .debug_macro   0x00025ea5       0x43 CMakeFiles/cepptestprogrammer.dir/Core/Src/main.c.obj
 .debug_macro   0x00025ee8       0x34 CMakeFiles/cepptestprogrammer.dir/Core/Src/main.c.obj
 .debug_macro   0x00025f1c       0x10 CMakeFiles/cepptestprogrammer.dir/Core/Src/main.c.obj
 .debug_macro   0x00025f2c       0x58 CMakeFiles/cepptestprogrammer.dir/Core/Src/main.c.obj
 .debug_macro   0x00025f84       0x71 CMakeFiles/cepptestprogrammer.dir/Core/Src/main.c.obj
 .debug_macro   0x00025ff5       0x1c CMakeFiles/cepptestprogrammer.dir/Core/Src/main.c.obj
 .debug_macro   0x00026011      0x12a CMakeFiles/cepptestprogrammer.dir/Core/Src/main.c.obj
 .debug_macro   0x0002613b      0x341 CMakeFiles/cepptestprogrammer.dir/Core/Src/main.c.obj
 .debug_macro   0x0002647c       0x10 CMakeFiles/cepptestprogrammer.dir/Core/Src/main.c.obj
 .debug_macro   0x0002648c       0x35 CMakeFiles/cepptestprogrammer.dir/Core/Src/main.c.obj
 .debug_macro   0x000264c1      0x20c CMakeFiles/cepptestprogrammer.dir/Core/Src/stm32f7xx_hal_msp.c.obj
 .debug_macro   0x000266cd      0x216 CMakeFiles/cepptestprogrammer.dir/Core/Src/stm32f7xx_it.c.obj
 .debug_macro   0x000268e3      0x1fd CMakeFiles/cepptestprogrammer.dir/Core/Src/system_stm32f7xx.c.obj
 .debug_macro   0x00026ae0      0x221 CMakeFiles/cepptestprogrammer.dir/Drivers/STM32F7xx_HAL_Driver/Src/stm32f7xx_hal.c.obj
 .debug_macro   0x00026d01      0x1fd CMakeFiles/cepptestprogrammer.dir/Drivers/STM32F7xx_HAL_Driver/Src/stm32f7xx_hal_cortex.c.obj
 .debug_macro   0x00026efe      0x2d7 CMakeFiles/cepptestprogrammer.dir/Drivers/STM32F7xx_HAL_Driver/Src/stm32f7xx_hal_eth.c.obj
 .debug_macro   0x000271d5      0x203 CMakeFiles/cepptestprogrammer.dir/Drivers/STM32F7xx_HAL_Driver/Src/stm32f7xx_hal_gpio.c.obj
 .debug_macro   0x000273d8      0x209 CMakeFiles/cepptestprogrammer.dir/Drivers/STM32F7xx_HAL_Driver/Src/stm32f7xx_hal_pcd.c.obj
 .debug_macro   0x000275e1      0x1fd CMakeFiles/cepptestprogrammer.dir/Drivers/STM32F7xx_HAL_Driver/Src/stm32f7xx_hal_pcd_ex.c.obj
 .debug_macro   0x000277de      0x21b CMakeFiles/cepptestprogrammer.dir/Drivers/STM32F7xx_HAL_Driver/Src/stm32f7xx_hal_pwr.c.obj
 .debug_macro   0x000279f9      0x215 CMakeFiles/cepptestprogrammer.dir/Drivers/STM32F7xx_HAL_Driver/Src/stm32f7xx_hal_pwr_ex.c.obj
 .debug_macro   0x00027c0e      0x221 CMakeFiles/cepptestprogrammer.dir/Drivers/STM32F7xx_HAL_Driver/Src/stm32f7xx_hal_rcc.c.obj
 .debug_macro   0x00027e2f      0x1fd CMakeFiles/cepptestprogrammer.dir/Drivers/STM32F7xx_HAL_Driver/Src/stm32f7xx_hal_rcc_ex.c.obj
 .debug_macro   0x0002802c      0x21a CMakeFiles/cepptestprogrammer.dir/Drivers/STM32F7xx_HAL_Driver/Src/stm32f7xx_hal_uart.c.obj
 .debug_macro   0x00028246      0x1fd CMakeFiles/cepptestprogrammer.dir/Drivers/STM32F7xx_HAL_Driver/Src/stm32f7xx_ll_usb.c.obj

.debug_line     0x00000000    0x1382b
 .debug_line    0x00000000      0xb04 CMakeFiles/cepptestprogrammer.dir/Core/Src/main.c.obj
 .debug_line    0x00000b04      0x99d CMakeFiles/cepptestprogrammer.dir/Core/Src/stm32f7xx_hal_msp.c.obj
 .debug_line    0x000014a1      0x7a7 CMakeFiles/cepptestprogrammer.dir/Core/Src/stm32f7xx_it.c.obj
 .debug_line    0x00001c48      0x762 CMakeFiles/cepptestprogrammer.dir/Core/Src/system_stm32f7xx.c.obj
 .debug_line    0x000023aa      0xa6e CMakeFiles/cepptestprogrammer.dir/Drivers/STM32F7xx_HAL_Driver/Src/stm32f7xx_hal.c.obj
 .debug_line    0x00002e18      0xc49 CMakeFiles/cepptestprogrammer.dir/Drivers/STM32F7xx_HAL_Driver/Src/stm32f7xx_hal_cortex.c.obj
 .debug_line    0x00003a61     0x21e2 CMakeFiles/cepptestprogrammer.dir/Drivers/STM32F7xx_HAL_Driver/Src/stm32f7xx_hal_eth.c.obj
 .debug_line    0x00005c43      0xbe5 CMakeFiles/cepptestprogrammer.dir/Drivers/STM32F7xx_HAL_Driver/Src/stm32f7xx_hal_gpio.c.obj
 .debug_line    0x00006828     0x19fd CMakeFiles/cepptestprogrammer.dir/Drivers/STM32F7xx_HAL_Driver/Src/stm32f7xx_hal_pcd.c.obj
 .debug_line    0x00008225      0x822 CMakeFiles/cepptestprogrammer.dir/Drivers/STM32F7xx_HAL_Driver/Src/stm32f7xx_hal_pcd_ex.c.obj
 .debug_line    0x00008a47      0x92d CMakeFiles/cepptestprogrammer.dir/Drivers/STM32F7xx_HAL_Driver/Src/stm32f7xx_hal_pwr.c.obj
 .debug_line    0x00009374      0xa2b CMakeFiles/cepptestprogrammer.dir/Drivers/STM32F7xx_HAL_Driver/Src/stm32f7xx_hal_pwr_ex.c.obj
 .debug_line    0x00009d9f     0x115b CMakeFiles/cepptestprogrammer.dir/Drivers/STM32F7xx_HAL_Driver/Src/stm32f7xx_hal_rcc.c.obj
 .debug_line    0x0000aefa     0x10f5 CMakeFiles/cepptestprogrammer.dir/Drivers/STM32F7xx_HAL_Driver/Src/stm32f7xx_hal_rcc_ex.c.obj
 .debug_line    0x0000bfef     0x547c CMakeFiles/cepptestprogrammer.dir/Drivers/STM32F7xx_HAL_Driver/Src/stm32f7xx_hal_uart.c.obj
 .debug_line    0x0001146b     0x22fc CMakeFiles/cepptestprogrammer.dir/Drivers/STM32F7xx_HAL_Driver/Src/stm32f7xx_ll_usb.c.obj
 .debug_line    0x00013767       0xc4 CMakeFiles/cepptestprogrammer.dir/Core/Startup/startup_stm32f767zitx.s.obj

.debug_str      0x00000000    0xf9616
 .debug_str     0x00000000    0xf4d98 CMakeFiles/cepptestprogrammer.dir/Core/Src/main.c.obj
                              0xf556d (size before relaxing)
 .debug_str     0x000f4d98      0x379 CMakeFiles/cepptestprogrammer.dir/Core/Src/stm32f7xx_hal_msp.c.obj
                              0xf278c (size before relaxing)
 .debug_str     0x000f5111      0x105 CMakeFiles/cepptestprogrammer.dir/Core/Src/stm32f7xx_it.c.obj
                              0xf1595 (size before relaxing)
 .debug_str     0x000f5216      0x1cc CMakeFiles/cepptestprogrammer.dir/Core/Src/system_stm32f7xx.c.obj
                              0xf12bd (size before relaxing)
 .debug_str     0x000f53e2      0xad4 CMakeFiles/cepptestprogrammer.dir/Drivers/STM32F7xx_HAL_Driver/Src/stm32f7xx_hal.c.obj
                              0xf1cf3 (size before relaxing)
 .debug_str     0x000f5eb6      0x384 CMakeFiles/cepptestprogrammer.dir/Drivers/STM32F7xx_HAL_Driver/Src/stm32f7xx_hal_cortex.c.obj
                              0xf1cad (size before relaxing)
 .debug_str     0x000f623a     0x1203 CMakeFiles/cepptestprogrammer.dir/Drivers/STM32F7xx_HAL_Driver/Src/stm32f7xx_hal_eth.c.obj
                              0xf2a8a (size before relaxing)
 .debug_str     0x000f743d      0x132 CMakeFiles/cepptestprogrammer.dir/Drivers/STM32F7xx_HAL_Driver/Src/stm32f7xx_hal_gpio.c.obj
                              0xf137b (size before relaxing)
 .debug_str     0x000f756f      0x833 CMakeFiles/cepptestprogrammer.dir/Drivers/STM32F7xx_HAL_Driver/Src/stm32f7xx_hal_pcd.c.obj
                              0xf1cb3 (size before relaxing)
 .debug_str     0x000f7da2      0x17c CMakeFiles/cepptestprogrammer.dir/Drivers/STM32F7xx_HAL_Driver/Src/stm32f7xx_hal_pcd_ex.c.obj
                              0xf15db (size before relaxing)
 .debug_str     0x000f7f1e      0x2e8 CMakeFiles/cepptestprogrammer.dir/Drivers/STM32F7xx_HAL_Driver/Src/stm32f7xx_hal_pwr.c.obj
                              0xf155e (size before relaxing)
 .debug_str     0x000f8206      0x1f9 CMakeFiles/cepptestprogrammer.dir/Drivers/STM32F7xx_HAL_Driver/Src/stm32f7xx_hal_pwr_ex.c.obj
                              0xf152c (size before relaxing)
 .debug_str     0x000f83ff      0x299 CMakeFiles/cepptestprogrammer.dir/Drivers/STM32F7xx_HAL_Driver/Src/stm32f7xx_hal_rcc.c.obj
                              0xf1649 (size before relaxing)
 .debug_str     0x000f8698      0x17b CMakeFiles/cepptestprogrammer.dir/Drivers/STM32F7xx_HAL_Driver/Src/stm32f7xx_hal_rcc_ex.c.obj
                              0xf159b (size before relaxing)
 .debug_str     0x000f8813      0x8e6 CMakeFiles/cepptestprogrammer.dir/Drivers/STM32F7xx_HAL_Driver/Src/stm32f7xx_hal_uart.c.obj
                              0xf1f86 (size before relaxing)
 .debug_str     0x000f90f9      0x4ab CMakeFiles/cepptestprogrammer.dir/Drivers/STM32F7xx_HAL_Driver/Src/stm32f7xx_ll_usb.c.obj
                              0xf1b60 (size before relaxing)
 .debug_str     0x000f95a4       0x72 CMakeFiles/cepptestprogrammer.dir/Core/Startup/startup_stm32f767zitx.s.obj
                                 0xb7 (size before relaxing)

.comment        0x00000000       0x49
 .comment       0x00000000       0x49 CMakeFiles/cepptestprogrammer.dir/Core/Src/main.c.obj
                                 0x4a (size before relaxing)
 .comment       0x00000049       0x4a CMakeFiles/cepptestprogrammer.dir/Core/Src/stm32f7xx_hal_msp.c.obj
 .comment       0x00000049       0x4a CMakeFiles/cepptestprogrammer.dir/Core/Src/stm32f7xx_it.c.obj
 .comment       0x00000049       0x4a CMakeFiles/cepptestprogrammer.dir/Core/Src/system_stm32f7xx.c.obj
 .comment       0x00000049       0x4a CMakeFiles/cepptestprogrammer.dir/Drivers/STM32F7xx_HAL_Driver/Src/stm32f7xx_hal.c.obj
 .comment       0x00000049       0x4a CMakeFiles/cepptestprogrammer.dir/Drivers/STM32F7xx_HAL_Driver/Src/stm32f7xx_hal_cortex.c.obj
 .comment       0x00000049       0x4a CMakeFiles/cepptestprogrammer.dir/Drivers/STM32F7xx_HAL_Driver/Src/stm32f7xx_hal_eth.c.obj
 .comment       0x00000049       0x4a CMakeFiles/cepptestprogrammer.dir/Drivers/STM32F7xx_HAL_Driver/Src/stm32f7xx_hal_gpio.c.obj
 .comment       0x00000049       0x4a CMakeFiles/cepptestprogrammer.dir/Drivers/STM32F7xx_HAL_Driver/Src/stm32f7xx_hal_pcd.c.obj
 .comment       0x00000049       0x4a CMakeFiles/cepptestprogrammer.dir/Drivers/STM32F7xx_HAL_Driver/Src/stm32f7xx_hal_pcd_ex.c.obj
 .comment       0x00000049       0x4a CMakeFiles/cepptestprogrammer.dir/Drivers/STM32F7xx_HAL_Driver/Src/stm32f7xx_hal_pwr.c.obj
 .comment       0x00000049       0x4a CMakeFiles/cepptestprogrammer.dir/Drivers/STM32F7xx_HAL_Driver/Src/stm32f7xx_hal_pwr_ex.c.obj
 .comment       0x00000049       0x4a CMakeFiles/cepptestprogrammer.dir/Drivers/STM32F7xx_HAL_Driver/Src/stm32f7xx_hal_rcc.c.obj
 .comment       0x00000049       0x4a CMakeFiles/cepptestprogrammer.dir/Drivers/STM32F7xx_HAL_Driver/Src/stm32f7xx_hal_rcc_ex.c.obj
 .comment       0x00000049       0x4a CMakeFiles/cepptestprogrammer.dir/Drivers/STM32F7xx_HAL_Driver/Src/stm32f7xx_hal_uart.c.obj
 .comment       0x00000049       0x4a CMakeFiles/cepptestprogrammer.dir/Drivers/STM32F7xx_HAL_Driver/Src/stm32f7xx_ll_usb.c.obj
